Copyright 1986-2022 Xilinx, Inc. All Rights Reserved. Copyright 2022-2024 Advanced Micro Devices, Inc. All Rights Reserved.
---------------------------------------------------------------------------------------------------------------------------------------------
| Tool Version : Vivado v.2024.1 (lin64) Build 5076996 Wed May 22 18:36:09 MDT 2024
| Date         : Sat May  2 23:02:26 2026
| Host         : DESKTOP-VE06HML running 64-bit Ubuntu 22.04.5 LTS
| Command      : report_timing_summary -file timing_impl.rpt
| Design       : cnn1d_core_top
| Device       : 7k70t-fbv676
| Speed File   : -1  PRODUCTION 1.12 2017-02-17
| Design State : Routed
---------------------------------------------------------------------------------------------------------------------------------------------

Timing Summary Report

------------------------------------------------------------------------------------------------
| Timer Settings
| --------------
------------------------------------------------------------------------------------------------

  Enable Multi Corner Analysis               :  Yes
  Enable Pessimism Removal                   :  Yes
  Pessimism Removal Resolution               :  Nearest Common Node
  Enable Input Delay Default Clock           :  No
  Enable Preset / Clear Arcs                 :  No
  Disable Flight Delays                      :  No
  Ignore I/O Paths                           :  No
  Timing Early Launch at Borrowing Latches   :  No
  Borrow Time for Max Delay Exceptions       :  Yes
  Merge Timing Exceptions                    :  Yes
  Inter-SLR Compensation                     :  Conservative

  Corner  Analyze    Analyze    
  Name    Max Paths  Min Paths  
  ------  ---------  ---------  
  Slow    Yes        Yes        
  Fast    Yes        Yes        


------------------------------------------------------------------------------------------------
| Report Methodology
| ------------------
------------------------------------------------------------------------------------------------

Rule       Severity  Description                    Violations  
---------  --------  -----------------------------  ----------  
DPIR-1     Warning   Asynchronous driver check      266         
SYNTH-10   Warning   Wide multiplier                4           
TIMING-16  Warning   Large setup violation          955         
TIMING-18  Warning   Missing input or output delay  261         

Note: This report is based on the most recent report_methodology run and may not be up-to-date. Run report_methodology on the current design for the latest report.



check_timing report

Table of Contents
-----------------
1. checking no_clock (0)
2. checking constant_clock (0)
3. checking pulse_width_clock (0)
4. checking unconstrained_internal_endpoints (0)
5. checking no_input_delay (218)
6. checking no_output_delay (39)
7. checking multiple_clock (0)
8. checking generated_clocks (0)
9. checking loops (0)
10. checking partial_input_delay (0)
11. checking partial_output_delay (0)
12. checking latch_loops (0)

1. checking no_clock (0)
------------------------
 There are 0 register/latch pins with no clock.


2. checking constant_clock (0)
------------------------------
 There are 0 register/latch pins with constant_clock.


3. checking pulse_width_clock (0)
---------------------------------
 There are 0 register/latch pins which need pulse_width check


4. checking unconstrained_internal_endpoints (0)
------------------------------------------------
 There are 0 pins that are not constrained for maximum delay.

 There are 0 pins that are not constrained for maximum delay due to constant clock.


5. checking no_input_delay (218)
--------------------------------
 There are 218 input ports with no input delay specified. (HIGH)

 There are 0 input ports with no input delay but user has a false path constraint.


6. checking no_output_delay (39)
--------------------------------
 There are 39 ports with no output delay specified. (HIGH)

 There are 0 ports with no output delay but user has a false path constraint

 There are 0 ports with no output delay but with a timing clock defined on it or propagating through it


7. checking multiple_clock (0)
------------------------------
 There are 0 register/latch pins with multiple clocks.


8. checking generated_clocks (0)
--------------------------------
 There are 0 generated clocks that are not connected to a clock source.


9. checking loops (0)
---------------------
 There are 0 combinational loops in the design.


10. checking partial_input_delay (0)
------------------------------------
 There are 0 input ports with partial input delay specified.


11. checking partial_output_delay (0)
-------------------------------------
 There are 0 ports with partial output delay specified.


12. checking latch_loops (0)
----------------------------
 There are 0 combinational latch loops in the design through latch input



------------------------------------------------------------------------------------------------
| Design Timing Summary
| ---------------------
------------------------------------------------------------------------------------------------

    WNS(ns)      TNS(ns)  TNS Failing Endpoints  TNS Total Endpoints      WHS(ns)      THS(ns)  THS Failing Endpoints  THS Total Endpoints     WPWS(ns)     TPWS(ns)  TPWS Failing Endpoints  TPWS Total Endpoints  
    -------      -------  ---------------------  -------------------      -------      -------  ---------------------  -------------------     --------     --------  ----------------------  --------------------  
     -5.311    -2401.003                   1186                 1837        0.139        0.000                      0                 1837        4.600        0.000                       0                   464  


Timing constraints are not met.


------------------------------------------------------------------------------------------------
| Clock Summary
| -------------
------------------------------------------------------------------------------------------------

Clock  Waveform(ns)       Period(ns)      Frequency(MHz)
-----  ------------       ----------      --------------
clk    {0.000 5.000}      10.000          100.000         


------------------------------------------------------------------------------------------------
| Intra Clock Table
| -----------------
------------------------------------------------------------------------------------------------

Clock             WNS(ns)      TNS(ns)  TNS Failing Endpoints  TNS Total Endpoints      WHS(ns)      THS(ns)  THS Failing Endpoints  THS Total Endpoints     WPWS(ns)     TPWS(ns)  TPWS Failing Endpoints  TPWS Total Endpoints  
-----             -------      -------  ---------------------  -------------------      -------      -------  ---------------------  -------------------     --------     --------  ----------------------  --------------------  
clk                -5.311    -2401.003                   1186                 1837        0.139        0.000                      0                 1837        4.600        0.000                       0                   464  


------------------------------------------------------------------------------------------------
| Inter Clock Table
| -----------------
------------------------------------------------------------------------------------------------

From Clock    To Clock          WNS(ns)      TNS(ns)  TNS Failing Endpoints  TNS Total Endpoints      WHS(ns)      THS(ns)  THS Failing Endpoints  THS Total Endpoints  
----------    --------          -------      -------  ---------------------  -------------------      -------      -------  ---------------------  -------------------  


------------------------------------------------------------------------------------------------
| Other Path Groups Table
| -----------------------
------------------------------------------------------------------------------------------------

Path Group    From Clock    To Clock          WNS(ns)      TNS(ns)  TNS Failing Endpoints  TNS Total Endpoints      WHS(ns)      THS(ns)  THS Failing Endpoints  THS Total Endpoints  
----------    ----------    --------          -------      -------  ---------------------  -------------------      -------      -------  ---------------------  -------------------  


------------------------------------------------------------------------------------------------
| Timing Details
| --------------
------------------------------------------------------------------------------------------------


---------------------------------------------------------------------------------------------------
From Clock:  clk
  To Clock:  clk

Setup :         1186  Failing Endpoints,  Worst Slack       -5.311ns,  Total Violation    -2401.003ns
Hold  :            0  Failing Endpoints,  Worst Slack        0.139ns,  Total Violation        0.000ns
PW    :            0  Failing Endpoints,  Worst Slack        4.600ns,  Total Violation        0.000ns
---------------------------------------------------------------------------------------------------


Max Delay Paths
--------------------------------------------------------------------------------------
Slack (VIOLATED) :        -5.311ns  (required time - arrival time)
  Source:                 u_bias_scale_bank/u_mult_bram/mem_reg_0/CLKBWRCLK
                            (rising edge-triggered cell RAMB36E1 clocked by clk  {rise@0.000ns fall@5.000ns period=10.000ns})
  Destination:            post_data_q_reg[0]/D
                            (rising edge-triggered cell FDCE clocked by clk  {rise@0.000ns fall@5.000ns period=10.000ns})
  Path Group:             clk
  Path Type:              Setup (Max at Slow Process Corner)
  Requirement:            10.000ns  (clk rise@10.000ns - clk rise@0.000ns)
  Data Path Delay:        14.985ns  (logic 9.936ns (66.306%)  route 5.049ns (33.694%))
  Logic Levels:           35  (CARRY4=28 DSP48E1=2 LUT4=1 LUT6=4)
  Clock Path Skew:        -0.326ns (DCD - SCD + CPR)
    Destination Clock Delay (DCD):    3.972ns = ( 13.972 - 10.000 ) 
    Source Clock Delay      (SCD):    4.539ns
    Clock Pessimism Removal (CPR):    0.242ns
  Clock Uncertainty:      0.035ns  ((TSJ^2 + TIJ^2)^1/2 + DJ) / 2 + PE
    Total System Jitter     (TSJ):    0.071ns
    Total Input Jitter      (TIJ):    0.000ns
    Discrete Jitter          (DJ):    0.000ns
    Phase Error              (PE):    0.000ns

    Location             Delay type                Incr(ns)  Path(ns)    Netlist Resource(s)
  -------------------------------------------------------------------    -------------------
                         (clock clk rise edge)        0.000     0.000 r  
    AA9                                               0.000     0.000 r  clk (IN)
                         net (fo=0)                   0.000     0.000    clk
    AA9                  IBUF (Prop_ibuf_I_O)         0.674     0.674 r  clk_IBUF_inst/O
                         net (fo=1, routed)           2.122     2.796    clk_IBUF
    BUFGCTRL_X0Y0        BUFG (Prop_bufg_I_O)         0.120     2.916 r  clk_IBUF_BUFG_inst/O
                         net (fo=463, routed)         1.624     4.539    u_bias_scale_bank/u_mult_bram/clk_IBUF_BUFG
    RAMB36_X1Y7          RAMB36E1                                     r  u_bias_scale_bank/u_mult_bram/mem_reg_0/CLKBWRCLK
  -------------------------------------------------------------------    -------------------
    RAMB36_X1Y7          RAMB36E1 (Prop_ramb36e1_CLKBWRCLK_DOBDO[7])
                                                      2.080     6.619 r  u_bias_scale_bank/u_mult_bram/mem_reg_0/DOBDO[7]
                         net (fo=2, routed)           0.770     7.389    u_requantize/round_s0__0_0[7]
    DSP48_X1Y14          DSP48E1 (Prop_dsp48e1_B[7]_PCOUT[47])
                                                      3.264    10.653 r  u_requantize/round_s0__1/PCOUT[47]
                         net (fo=1, routed)           0.000    10.653    u_requantize/round_s0__1_n_106
    DSP48_X1Y15          DSP48E1 (Prop_dsp48e1_PCIN[47]_P[0])
                                                      1.286    11.939 r  u_requantize/round_s0__2/P[0]
                         net (fo=2, routed)           0.619    12.558    u_requantize/round_s0__2_n_105
    SLICE_X19Y35         CARRY4 (Prop_carry4_DI[1]_CO[3])
                                                      0.302    12.860 r  u_requantize/round_s0_carry/CO[3]
                         net (fo=1, routed)           0.000    12.860    u_requantize/round_s0_carry_n_0
    SLICE_X19Y36         CARRY4 (Prop_carry4_CI_CO[3])
                                                      0.058    12.918 r  u_requantize/round_s0_carry__0/CO[3]
                         net (fo=1, routed)           0.000    12.918    u_requantize/round_s0_carry__0_n_0
    SLICE_X19Y37         CARRY4 (Prop_carry4_CI_CO[3])
                                                      0.058    12.976 r  u_requantize/round_s0_carry__1/CO[3]
                         net (fo=1, routed)           0.000    12.976    u_requantize/round_s0_carry__1_n_0
    SLICE_X19Y38         CARRY4 (Prop_carry4_CI_CO[3])
                                                      0.058    13.034 r  u_requantize/round_s0_carry__2/CO[3]
                         net (fo=1, routed)           0.000    13.034    u_requantize/round_s0_carry__2_n_0
    SLICE_X19Y39         CARRY4 (Prop_carry4_CI_CO[3])
                                                      0.058    13.092 r  u_requantize/round_s0_carry__3/CO[3]
                         net (fo=1, routed)           0.000    13.092    u_requantize/round_s0_carry__3_n_0
    SLICE_X19Y40         CARRY4 (Prop_carry4_CI_CO[3])
                                                      0.058    13.150 r  u_requantize/round_s0_carry__4/CO[3]
                         net (fo=1, routed)           0.000    13.150    u_requantize/round_s0_carry__4_n_0
    SLICE_X19Y41         CARRY4 (Prop_carry4_CI_CO[3])
                                                      0.058    13.208 r  u_requantize/round_s0_carry__5/CO[3]
                         net (fo=1, routed)           0.000    13.208    u_requantize/round_s0_carry__5_n_0
    SLICE_X19Y42         CARRY4 (Prop_carry4_CI_CO[3])
                                                      0.058    13.266 r  u_requantize/round_s0_carry__6/CO[3]
                         net (fo=1, routed)           0.000    13.266    u_requantize/round_s0_carry__6_n_0
    SLICE_X19Y43         CARRY4 (Prop_carry4_CI_CO[3])
                                                      0.058    13.324 r  u_requantize/round_s0_carry__7/CO[3]
                         net (fo=1, routed)           0.000    13.324    u_requantize/round_s0_carry__7_n_0
    SLICE_X19Y44         CARRY4 (Prop_carry4_CI_CO[3])
                                                      0.058    13.382 r  u_requantize/round_s0_carry__8/CO[3]
                         net (fo=1, routed)           0.000    13.382    u_requantize/round_s0_carry__8_n_0
    SLICE_X19Y45         CARRY4 (Prop_carry4_CI_CO[3])
                                                      0.058    13.440 r  u_requantize/round_s0_carry__9/CO[3]
                         net (fo=1, routed)           0.000    13.440    u_requantize/round_s0_carry__9_n_0
    SLICE_X19Y46         CARRY4 (Prop_carry4_CI_O[3])
                                                      0.179    13.619 r  u_requantize/round_s0_carry__10/O[3]
                         net (fo=33, routed)          0.274    13.893    u_bias_scale_bank/u_shift_bram/round_s0__3[47]
    SLICE_X17Y46         LUT6 (Prop_lut6_I5_O)        0.142    14.035 r  u_bias_scale_bank/u_shift_bram/data_o20_carry_i_1_replica/O
                         net (fo=32, routed)          0.790    14.825    u_requantize/mem_reg_0_16_repN_alias
    SLICE_X18Y37         CARRY4 (Prop_carry4_DI[0]_CO[3])
                                                      0.337    15.162 r  u_requantize/data_o20_carry/CO[3]
                         net (fo=1, routed)           0.000    15.162    u_requantize/data_o20_carry_n_0
    SLICE_X18Y38         CARRY4 (Prop_carry4_CI_CO[3])
                                                      0.060    15.222 r  u_requantize/data_o20_carry__0/CO[3]
                         net (fo=1, routed)           0.000    15.222    u_requantize/data_o20_carry__0_n_0
    SLICE_X18Y39         CARRY4 (Prop_carry4_CI_CO[3])
                                                      0.060    15.282 r  u_requantize/data_o20_carry__1/CO[3]
                         net (fo=1, routed)           0.000    15.282    u_requantize/data_o20_carry__1_n_0
    SLICE_X18Y40         CARRY4 (Prop_carry4_CI_CO[3])
                                                      0.060    15.342 r  u_requantize/data_o20_carry__2/CO[3]
                         net (fo=1, routed)           0.000    15.342    u_requantize/data_o20_carry__2_n_0
    SLICE_X18Y41         CARRY4 (Prop_carry4_CI_CO[3])
                                                      0.060    15.402 r  u_requantize/data_o20_carry__3/CO[3]
                         net (fo=1, routed)           0.000    15.402    u_requantize/data_o20_carry__3_n_0
    SLICE_X18Y42         CARRY4 (Prop_carry4_CI_CO[3])
                                                      0.060    15.462 r  u_requantize/data_o20_carry__4/CO[3]
                         net (fo=1, routed)           0.000    15.462    u_requantize/data_o20_carry__4_n_0
    SLICE_X18Y43         CARRY4 (Prop_carry4_CI_CO[3])
                                                      0.060    15.522 r  u_requantize/data_o20_carry__5/CO[3]
                         net (fo=1, routed)           0.000    15.522    u_requantize/data_o20_carry__5_n_0
    SLICE_X18Y44         CARRY4 (Prop_carry4_CI_CO[3])
                                                      0.060    15.582 r  u_requantize/data_o20_carry__6/CO[3]
                         net (fo=1, routed)           0.000    15.582    u_requantize/data_o20_carry__6_n_0
    SLICE_X18Y45         CARRY4 (Prop_carry4_CI_CO[3])
                                                      0.060    15.642 r  u_requantize/data_o20_carry__7/CO[3]
                         net (fo=1, routed)           0.000    15.642    u_requantize/data_o20_carry__7_n_0
    SLICE_X18Y46         CARRY4 (Prop_carry4_CI_O[0])
                                                      0.135    15.777 f  u_requantize/data_o20_carry__8/O[0]
                         net (fo=4, routed)           0.766    16.543    u_requantize/mem_reg_0[0]
    SLICE_X15Y50         LUT6 (Prop_lut6_I1_O)        0.153    16.696 f  u_requantize/data_o1_carry__0_i_17/O
                         net (fo=4, routed)           0.671    17.366    u_requantize/data_o1_carry__0_i_17_n_0
    SLICE_X18Y53         LUT6 (Prop_lut6_I1_O)        0.053    17.419 f  u_requantize/data_o1_carry__1_i_13/O
                         net (fo=8, routed)           0.593    18.012    u_requantize/data_o1_carry__1_i_13_n_0
    SLICE_X17Y52         LUT4 (Prop_lut4_I0_O)        0.053    18.065 r  u_requantize/i__carry__1_i_7/O
                         net (fo=1, routed)           0.000    18.065    u_requantize/i__carry__1_i_7_n_0
    SLICE_X17Y52         CARRY4 (Prop_carry4_S[1]_CO[3])
                                                      0.324    18.389 r  u_requantize/data_o1_inferred__0/i__carry__1/CO[3]
                         net (fo=1, routed)           0.000    18.389    u_requantize/data_o1_inferred__0/i__carry__1_n_0
    SLICE_X17Y53         CARRY4 (Prop_carry4_CI_CO[3])
                                                      0.058    18.447 r  u_requantize/data_o1_inferred__0/i__carry__2/CO[3]
                         net (fo=1, routed)           0.000    18.447    u_requantize/data_o1_inferred__0/i__carry__2_n_0
    SLICE_X17Y54         CARRY4 (Prop_carry4_CI_CO[3])
                                                      0.058    18.505 r  u_requantize/data_o1_inferred__0/i__carry__3/CO[3]
                         net (fo=1, routed)           0.000    18.505    u_requantize/data_o1_inferred__0/i__carry__3_n_0
    SLICE_X17Y55         CARRY4 (Prop_carry4_CI_CO[3])
                                                      0.058    18.563 r  u_requantize/data_o1_inferred__0/i__carry__4/CO[3]
                         net (fo=1, routed)           0.000    18.563    u_requantize/data_o1_inferred__0/i__carry__4_n_0
    SLICE_X17Y56         CARRY4 (Prop_carry4_CI_CO[3])
                                                      0.058    18.621 r  u_requantize/data_o1_inferred__0/i__carry__5/CO[3]
                         net (fo=1, routed)           0.000    18.621    u_requantize/data_o1_inferred__0/i__carry__5_n_0
    SLICE_X17Y57         CARRY4 (Prop_carry4_CI_CO[0])
                                                      0.179    18.800 r  u_requantize/data_o1_inferred__0/i__carry__6/CO[0]
                         net (fo=8, routed)           0.567    19.367    u_layer_desc_regs/post_data_q_reg[0]_1[0]
    SLICE_X15Y57         LUT6 (Prop_lut6_I3_O)        0.157    19.524 r  u_layer_desc_regs/post_data_q[0]_i_1_comp_1/O
                         net (fo=1, routed)           0.000    19.524    p_0_in[0]
    SLICE_X15Y57         FDCE                                         r  post_data_q_reg[0]/D
  -------------------------------------------------------------------    -------------------

                         (clock clk rise edge)       10.000    10.000 r  
    AA9                                               0.000    10.000 r  clk (IN)
                         net (fo=0)                   0.000    10.000    clk
    AA9                  IBUF (Prop_ibuf_I_O)         0.549    10.549 r  clk_IBUF_inst/O
                         net (fo=1, routed)           2.022    12.571    clk_IBUF
    BUFGCTRL_X0Y0        BUFG (Prop_bufg_I_O)         0.113    12.684 r  clk_IBUF_BUFG_inst/O
                         net (fo=463, routed)         1.288    13.972    clk_IBUF_BUFG
    SLICE_X15Y57         FDCE                                         r  post_data_q_reg[0]/C
                         clock pessimism              0.242    14.214    
                         clock uncertainty           -0.035    14.178    
    SLICE_X15Y57         FDCE (Setup_fdce_C_D)        0.035    14.213    post_data_q_reg[0]
  -------------------------------------------------------------------
                         required time                         14.213    
                         arrival time                         -19.524    
  -------------------------------------------------------------------
                         slack                                 -5.311    





Min Delay Paths
--------------------------------------------------------------------------------------
Slack (MET) :             0.139ns  (arrival time - required time)
  Source:                 u_controller/FSM_onehot_state_q_reg[7]/C
                            (rising edge-triggered cell FDCE clocked by clk  {rise@0.000ns fall@5.000ns period=10.000ns})
  Destination:            u_controller/FSM_onehot_state_q_reg[5]/D
                            (rising edge-triggered cell FDCE clocked by clk  {rise@0.000ns fall@5.000ns period=10.000ns})
  Path Group:             clk
  Path Type:              Hold (Min at Fast Process Corner)
  Requirement:            0.000ns  (clk rise@0.000ns - clk rise@0.000ns)
  Data Path Delay:        0.210ns  (logic 0.146ns (69.598%)  route 0.064ns (30.402%))
  Logic Levels:           1  (LUT2=1)
  Clock Path Skew:        0.011ns (DCD - SCD - CPR)
    Destination Clock Delay (DCD):    2.003ns
    Source Clock Delay      (SCD):    1.550ns
    Clock Pessimism Removal (CPR):    0.442ns

    Location             Delay type                Incr(ns)  Path(ns)    Netlist Resource(s)
  -------------------------------------------------------------------    -------------------
                         (clock clk rise edge)        0.000     0.000 r  
    AA9                                               0.000     0.000 r  clk (IN)
                         net (fo=0)                   0.000     0.000    clk
    AA9                  IBUF (Prop_ibuf_I_O)         0.075     0.075 r  clk_IBUF_inst/O
                         net (fo=1, routed)           0.853     0.928    clk_IBUF
    BUFGCTRL_X0Y0        BUFG (Prop_bufg_I_O)         0.026     0.954 r  clk_IBUF_BUFG_inst/O
                         net (fo=463, routed)         0.596     1.550    u_controller/clk_IBUF_BUFG
    SLICE_X14Y32         FDCE                                         r  u_controller/FSM_onehot_state_q_reg[7]/C
  -------------------------------------------------------------------    -------------------
    SLICE_X14Y32         FDCE (Prop_fdce_C_Q)         0.118     1.668 r  u_controller/FSM_onehot_state_q_reg[7]/Q
                         net (fo=5, routed)           0.064     1.732    u_controller/FSM_onehot_state_q_reg_n_0_[7]
    SLICE_X15Y32         LUT2 (Prop_lut2_I0_O)        0.028     1.760 r  u_controller/FSM_onehot_state_q[5]_i_1/O
                         net (fo=1, routed)           0.000     1.760    u_controller/FSM_onehot_state_q[5]_i_1_n_0
    SLICE_X15Y32         FDCE                                         r  u_controller/FSM_onehot_state_q_reg[5]/D
  -------------------------------------------------------------------    -------------------

                         (clock clk rise edge)        0.000     0.000 r  
    AA9                                               0.000     0.000 r  clk (IN)
                         net (fo=0)                   0.000     0.000    clk
    AA9                  IBUF (Prop_ibuf_I_O)         0.241     0.241 r  clk_IBUF_inst/O
                         net (fo=1, routed)           0.917     1.158    clk_IBUF
    BUFGCTRL_X0Y0        BUFG (Prop_bufg_I_O)         0.030     1.188 r  clk_IBUF_BUFG_inst/O
                         net (fo=463, routed)         0.815     2.003    u_controller/clk_IBUF_BUFG
    SLICE_X15Y32         FDCE                                         r  u_controller/FSM_onehot_state_q_reg[5]/C
                         clock pessimism             -0.442     1.561    
    SLICE_X15Y32         FDCE (Hold_fdce_C_D)         0.060     1.621    u_controller/FSM_onehot_state_q_reg[5]
  -------------------------------------------------------------------
                         required time                         -1.621    
                         arrival time                           1.760    
  -------------------------------------------------------------------
                         slack                                  0.139    





Pulse Width Checks
--------------------------------------------------------------------------------------
Clock Name:         clk
Waveform(ns):       { 0.000 5.000 }
Period(ns):         10.000
Sources:            { clk }

Check Type        Corner  Lib Pin             Reference Pin  Required(ns)  Actual(ns)  Slack(ns)  Location      Pin
Min Period        n/a     RAMB36E1/CLKARDCLK  n/a            2.850         10.000      7.150      RAMB36_X2Y12  u_ifm_bank/u_ping_bram/mem_reg_0_0/CLKARDCLK
Low Pulse Width   Slow    FDCE/C              n/a            0.400         5.000       4.600      SLICE_X16Y32  u_controller/FSM_onehot_state_q_reg[0]/C
High Pulse Width  Slow    FDCE/C              n/a            0.350         5.000       4.650      SLICE_X20Y34  acc_q_reg[0]/C



