Copyright 1986-2022 Xilinx, Inc. All Rights Reserved. Copyright 2022-2024 Advanced Micro Devices, Inc. All Rights Reserved.
---------------------------------------------------------------------------------------------------------------------------------------------
| Tool Version : Vivado v.2024.1 (lin64) Build 5076996 Wed May 22 18:36:09 MDT 2024
| Date         : Sat May  2 23:09:32 2026
| Host         : DESKTOP-VE06HML running 64-bit Ubuntu 22.04.5 LTS
| Command      : report_timing_summary -file timing_impl_50mhz.rpt
| Design       : cnn1d_core_top
| Device       : 7k70t-fbv676
| Speed File   : -1  PRODUCTION 1.12 2017-02-17
| Design State : Routed
---------------------------------------------------------------------------------------------------------------------------------------------

Timing Summary Report

------------------------------------------------------------------------------------------------
| Timer Settings
| --------------
------------------------------------------------------------------------------------------------

  Enable Multi Corner Analysis               :  Yes
  Enable Pessimism Removal                   :  Yes
  Pessimism Removal Resolution               :  Nearest Common Node
  Enable Input Delay Default Clock           :  No
  Enable Preset / Clear Arcs                 :  No
  Disable Flight Delays                      :  No
  Ignore I/O Paths                           :  No
  Timing Early Launch at Borrowing Latches   :  No
  Borrow Time for Max Delay Exceptions       :  Yes
  Merge Timing Exceptions                    :  Yes
  Inter-SLR Compensation                     :  Conservative

  Corner  Analyze    Analyze    
  Name    Max Paths  Min Paths  
  ------  ---------  ---------  
  Slow    Yes        Yes        
  Fast    Yes        Yes        


------------------------------------------------------------------------------------------------
| Report Methodology
| ------------------
------------------------------------------------------------------------------------------------

Rule       Severity  Description                    Violations  
---------  --------  -----------------------------  ----------  
DPIR-1     Warning   Asynchronous driver check      266         
SYNTH-10   Warning   Wide multiplier                4           
TIMING-18  Warning   Missing input or output delay  261         

Note: This report is based on the most recent report_methodology run and may not be up-to-date. Run report_methodology on the current design for the latest report.



check_timing report

Table of Contents
-----------------
1. checking no_clock (0)
2. checking constant_clock (0)
3. checking pulse_width_clock (0)
4. checking unconstrained_internal_endpoints (0)
5. checking no_input_delay (218)
6. checking no_output_delay (39)
7. checking multiple_clock (0)
8. checking generated_clocks (0)
9. checking loops (0)
10. checking partial_input_delay (0)
11. checking partial_output_delay (0)
12. checking latch_loops (0)

1. checking no_clock (0)
------------------------
 There are 0 register/latch pins with no clock.


2. checking constant_clock (0)
------------------------------
 There are 0 register/latch pins with constant_clock.


3. checking pulse_width_clock (0)
---------------------------------
 There are 0 register/latch pins which need pulse_width check


4. checking unconstrained_internal_endpoints (0)
------------------------------------------------
 There are 0 pins that are not constrained for maximum delay.

 There are 0 pins that are not constrained for maximum delay due to constant clock.


5. checking no_input_delay (218)
--------------------------------
 There are 218 input ports with no input delay specified. (HIGH)

 There are 0 input ports with no input delay but user has a false path constraint.


6. checking no_output_delay (39)
--------------------------------
 There are 39 ports with no output delay specified. (HIGH)

 There are 0 ports with no output delay but user has a false path constraint

 There are 0 ports with no output delay but with a timing clock defined on it or propagating through it


7. checking multiple_clock (0)
------------------------------
 There are 0 register/latch pins with multiple clocks.


8. checking generated_clocks (0)
--------------------------------
 There are 0 generated clocks that are not connected to a clock source.


9. checking loops (0)
---------------------
 There are 0 combinational loops in the design.


10. checking partial_input_delay (0)
------------------------------------
 There are 0 input ports with partial input delay specified.


11. checking partial_output_delay (0)
-------------------------------------
 There are 0 ports with partial output delay specified.


12. checking latch_loops (0)
----------------------------
 There are 0 combinational latch loops in the design through latch input



------------------------------------------------------------------------------------------------
| Design Timing Summary
| ---------------------
------------------------------------------------------------------------------------------------

    WNS(ns)      TNS(ns)  TNS Failing Endpoints  TNS Total Endpoints      WHS(ns)      THS(ns)  THS Failing Endpoints  THS Total Endpoints     WPWS(ns)     TPWS(ns)  TPWS Failing Endpoints  TPWS Total Endpoints  
    -------      -------  ---------------------  -------------------      -------      -------  ---------------------  -------------------     --------     --------  ----------------------  --------------------  
      2.613        0.000                      0                 1837        0.166        0.000                      0                 1837        9.600        0.000                       0                   464  


All user specified timing constraints are met.


------------------------------------------------------------------------------------------------
| Clock Summary
| -------------
------------------------------------------------------------------------------------------------

Clock  Waveform(ns)       Period(ns)      Frequency(MHz)
-----  ------------       ----------      --------------
clk    {0.000 10.000}     20.000          50.000          


------------------------------------------------------------------------------------------------
| Intra Clock Table
| -----------------
------------------------------------------------------------------------------------------------

Clock             WNS(ns)      TNS(ns)  TNS Failing Endpoints  TNS Total Endpoints      WHS(ns)      THS(ns)  THS Failing Endpoints  THS Total Endpoints     WPWS(ns)     TPWS(ns)  TPWS Failing Endpoints  TPWS Total Endpoints  
-----             -------      -------  ---------------------  -------------------      -------      -------  ---------------------  -------------------     --------     --------  ----------------------  --------------------  
clk                 2.613        0.000                      0                 1837        0.166        0.000                      0                 1837        9.600        0.000                       0                   464  


------------------------------------------------------------------------------------------------
| Inter Clock Table
| -----------------
------------------------------------------------------------------------------------------------

From Clock    To Clock          WNS(ns)      TNS(ns)  TNS Failing Endpoints  TNS Total Endpoints      WHS(ns)      THS(ns)  THS Failing Endpoints  THS Total Endpoints  
----------    --------          -------      -------  ---------------------  -------------------      -------      -------  ---------------------  -------------------  


------------------------------------------------------------------------------------------------
| Other Path Groups Table
| -----------------------
------------------------------------------------------------------------------------------------

Path Group    From Clock    To Clock          WNS(ns)      TNS(ns)  TNS Failing Endpoints  TNS Total Endpoints      WHS(ns)      THS(ns)  THS Failing Endpoints  THS Total Endpoints  
----------    ----------    --------          -------      -------  ---------------------  -------------------      -------      -------  ---------------------  -------------------  


------------------------------------------------------------------------------------------------
| Timing Details
| --------------
------------------------------------------------------------------------------------------------


---------------------------------------------------------------------------------------------------
From Clock:  clk
  To Clock:  clk

Setup :            0  Failing Endpoints,  Worst Slack        2.613ns,  Total Violation        0.000ns
Hold  :            0  Failing Endpoints,  Worst Slack        0.166ns,  Total Violation        0.000ns
PW    :            0  Failing Endpoints,  Worst Slack        9.600ns,  Total Violation        0.000ns
---------------------------------------------------------------------------------------------------


Max Delay Paths
--------------------------------------------------------------------------------------
Slack (MET) :             2.613ns  (required time - arrival time)
  Source:                 u_bias_scale_bank/u_mult_bram/mem_reg_0/CLKBWRCLK
                            (rising edge-triggered cell RAMB36E1 clocked by clk  {rise@0.000ns fall@10.000ns period=20.000ns})
  Destination:            post_data_q_reg[2]/D
                            (rising edge-triggered cell FDCE clocked by clk  {rise@0.000ns fall@10.000ns period=20.000ns})
  Path Group:             clk
  Path Type:              Setup (Max at Slow Process Corner)
  Requirement:            20.000ns  (clk rise@20.000ns - clk rise@0.000ns)
  Data Path Delay:        17.188ns  (logic 10.427ns (60.666%)  route 6.761ns (39.334%))
  Logic Levels:           40  (CARRY4=30 DSP48E1=2 LUT2=2 LUT3=1 LUT5=1 LUT6=4)
  Clock Path Skew:        -0.060ns (DCD - SCD + CPR)
    Destination Clock Delay (DCD):    4.166ns = ( 24.166 - 20.000 ) 
    Source Clock Delay      (SCD):    4.541ns
    Clock Pessimism Removal (CPR):    0.316ns
  Clock Uncertainty:      0.035ns  ((TSJ^2 + TIJ^2)^1/2 + DJ) / 2 + PE
    Total System Jitter     (TSJ):    0.071ns
    Total Input Jitter      (TIJ):    0.000ns
    Discrete Jitter          (DJ):    0.000ns
    Phase Error              (PE):    0.000ns

    Location             Delay type                Incr(ns)  Path(ns)    Netlist Resource(s)
  -------------------------------------------------------------------    -------------------
                         (clock clk rise edge)        0.000     0.000 r  
    AA9                                               0.000     0.000 r  clk (IN)
                         net (fo=0)                   0.000     0.000    clk
    AA9                  IBUF (Prop_ibuf_I_O)         0.674     0.674 r  clk_IBUF_inst/O
                         net (fo=1, routed)           2.122     2.796    clk_IBUF
    BUFGCTRL_X0Y0        BUFG (Prop_bufg_I_O)         0.120     2.916 r  clk_IBUF_BUFG_inst/O
                         net (fo=463, routed)         1.626     4.541    u_bias_scale_bank/u_mult_bram/clk_IBUF_BUFG
    RAMB36_X0Y7          RAMB36E1                                     r  u_bias_scale_bank/u_mult_bram/mem_reg_0/CLKBWRCLK
  -------------------------------------------------------------------    -------------------
    RAMB36_X0Y7          RAMB36E1 (Prop_ramb36e1_CLKBWRCLK_DOBDO[7])
                                                      2.080     6.621 r  u_bias_scale_bank/u_mult_bram/mem_reg_0/DOBDO[7]
                         net (fo=2, routed)           0.798     7.419    u_requantize/round_s0__0_0[7]
    DSP48_X0Y15          DSP48E1 (Prop_dsp48e1_B[7]_PCOUT[47])
                                                      3.264    10.683 r  u_requantize/round_s0__1/PCOUT[47]
                         net (fo=1, routed)           0.000    10.683    u_requantize/round_s0__1_n_106
    DSP48_X0Y16          DSP48E1 (Prop_dsp48e1_PCIN[47]_P[0])
                                                      1.286    11.969 r  u_requantize/round_s0__2/P[0]
                         net (fo=2, routed)           0.546    12.515    u_requantize/round_s0__2_n_105
    SLICE_X12Y39         LUT2 (Prop_lut2_I0_O)        0.053    12.568 r  u_requantize/round_s0_carry_i_3/O
                         net (fo=1, routed)           0.000    12.568    u_requantize/round_s0_carry_i_3_n_0
    SLICE_X12Y39         CARRY4 (Prop_carry4_S[1]_CO[3])
                                                      0.310    12.878 r  u_requantize/round_s0_carry/CO[3]
                         net (fo=1, routed)           0.000    12.878    u_requantize/round_s0_carry_n_0
    SLICE_X12Y40         CARRY4 (Prop_carry4_CI_CO[3])
                                                      0.060    12.938 r  u_requantize/round_s0_carry__0/CO[3]
                         net (fo=1, routed)           0.000    12.938    u_requantize/round_s0_carry__0_n_0
    SLICE_X12Y41         CARRY4 (Prop_carry4_CI_CO[3])
                                                      0.060    12.998 r  u_requantize/round_s0_carry__1/CO[3]
                         net (fo=1, routed)           0.000    12.998    u_requantize/round_s0_carry__1_n_0
    SLICE_X12Y42         CARRY4 (Prop_carry4_CI_CO[3])
                                                      0.060    13.058 r  u_requantize/round_s0_carry__2/CO[3]
                         net (fo=1, routed)           0.000    13.058    u_requantize/round_s0_carry__2_n_0
    SLICE_X12Y43         CARRY4 (Prop_carry4_CI_CO[3])
                                                      0.060    13.118 r  u_requantize/round_s0_carry__3/CO[3]
                         net (fo=1, routed)           0.000    13.118    u_requantize/round_s0_carry__3_n_0
    SLICE_X12Y44         CARRY4 (Prop_carry4_CI_CO[3])
                                                      0.060    13.178 r  u_requantize/round_s0_carry__4/CO[3]
                         net (fo=1, routed)           0.000    13.178    u_requantize/round_s0_carry__4_n_0
    SLICE_X12Y45         CARRY4 (Prop_carry4_CI_CO[3])
                                                      0.060    13.238 r  u_requantize/round_s0_carry__5/CO[3]
                         net (fo=1, routed)           0.000    13.238    u_requantize/round_s0_carry__5_n_0
    SLICE_X12Y46         CARRY4 (Prop_carry4_CI_CO[3])
                                                      0.060    13.298 r  u_requantize/round_s0_carry__6/CO[3]
                         net (fo=1, routed)           0.000    13.298    u_requantize/round_s0_carry__6_n_0
    SLICE_X12Y47         CARRY4 (Prop_carry4_CI_CO[3])
                                                      0.060    13.358 r  u_requantize/round_s0_carry__7/CO[3]
                         net (fo=1, routed)           0.000    13.358    u_requantize/round_s0_carry__7_n_0
    SLICE_X12Y48         CARRY4 (Prop_carry4_CI_CO[3])
                                                      0.060    13.418 r  u_requantize/round_s0_carry__8/CO[3]
                         net (fo=1, routed)           0.000    13.418    u_requantize/round_s0_carry__8_n_0
    SLICE_X12Y49         CARRY4 (Prop_carry4_CI_CO[3])
                                                      0.060    13.478 r  u_requantize/round_s0_carry__9/CO[3]
                         net (fo=1, routed)           0.001    13.479    u_requantize/round_s0_carry__9_n_0
    SLICE_X12Y50         CARRY4 (Prop_carry4_CI_O[3])
                                                      0.181    13.660 r  u_requantize/round_s0_carry__10/O[3]
                         net (fo=32, routed)          0.506    14.166    u_bias_scale_bank/u_shift_bram/round_s0__3[47]
    SLICE_X10Y47         LUT6 (Prop_lut6_I5_O)        0.142    14.308 r  u_bias_scale_bank/u_shift_bram/data_o20_carry_i_1/O
                         net (fo=64, routed)          0.850    15.158    u_requantize/post_data_q[0]_i_5_0
    SLICE_X11Y35         CARRY4 (Prop_carry4_DI[0]_CO[3])
                                                      0.346    15.504 r  u_requantize/data_o20_carry/CO[3]
                         net (fo=1, routed)           0.000    15.504    u_requantize/data_o20_carry_n_0
    SLICE_X11Y36         CARRY4 (Prop_carry4_CI_CO[3])
                                                      0.058    15.562 r  u_requantize/data_o20_carry__0/CO[3]
                         net (fo=1, routed)           0.000    15.562    u_requantize/data_o20_carry__0_n_0
    SLICE_X11Y37         CARRY4 (Prop_carry4_CI_CO[3])
                                                      0.058    15.620 r  u_requantize/data_o20_carry__1/CO[3]
                         net (fo=1, routed)           0.000    15.620    u_requantize/data_o20_carry__1_n_0
    SLICE_X11Y38         CARRY4 (Prop_carry4_CI_CO[3])
                                                      0.058    15.678 r  u_requantize/data_o20_carry__2/CO[3]
                         net (fo=1, routed)           0.000    15.678    u_requantize/data_o20_carry__2_n_0
    SLICE_X11Y39         CARRY4 (Prop_carry4_CI_CO[3])
                                                      0.058    15.736 r  u_requantize/data_o20_carry__3/CO[3]
                         net (fo=1, routed)           0.000    15.736    u_requantize/data_o20_carry__3_n_0
    SLICE_X11Y40         CARRY4 (Prop_carry4_CI_CO[3])
                                                      0.058    15.794 r  u_requantize/data_o20_carry__4/CO[3]
                         net (fo=1, routed)           0.000    15.794    u_requantize/data_o20_carry__4_n_0
    SLICE_X11Y41         CARRY4 (Prop_carry4_CI_CO[3])
                                                      0.058    15.852 r  u_requantize/data_o20_carry__5/CO[3]
                         net (fo=1, routed)           0.000    15.852    u_requantize/data_o20_carry__5_n_0
    SLICE_X11Y42         CARRY4 (Prop_carry4_CI_CO[3])
                                                      0.058    15.910 r  u_requantize/data_o20_carry__6/CO[3]
                         net (fo=1, routed)           0.000    15.910    u_requantize/data_o20_carry__6_n_0
    SLICE_X11Y43         CARRY4 (Prop_carry4_CI_CO[3])
                                                      0.058    15.968 r  u_requantize/data_o20_carry__7/CO[3]
                         net (fo=1, routed)           0.000    15.968    u_requantize/data_o20_carry__7_n_0
    SLICE_X11Y44         CARRY4 (Prop_carry4_CI_O[1])
                                                      0.213    16.181 f  u_requantize/data_o20_carry__8/O[1]
                         net (fo=4, routed)           0.621    16.801    u_requantize/mem_reg_0[1]
    SLICE_X5Y40          LUT6 (Prop_lut6_I0_O)        0.152    16.953 f  u_requantize/data_o1_carry_i_23/O
                         net (fo=4, routed)           0.355    17.308    u_requantize/data_o1_carry_i_23_n_0
    SLICE_X4Y40          LUT6 (Prop_lut6_I0_O)        0.053    17.361 f  u_requantize/i__carry_i_9__0/O
                         net (fo=4, routed)           0.893    18.255    u_requantize/mem_reg_0_8
    SLICE_X16Y40         LUT3 (Prop_lut3_I2_O)        0.065    18.320 r  u_requantize/post_data_q[7]_i_2/O
                         net (fo=4, routed)           0.484    18.803    u_requantize/data_o1_carry_i_4_n_0
    SLICE_X14Y40         LUT2 (Prop_lut2_I1_O)        0.168    18.971 r  u_requantize/i__carry_i_8__0/O
                         net (fo=1, routed)           0.000    18.971    u_requantize/i__carry_i_8__0_n_0
    SLICE_X14Y40         CARRY4 (Prop_carry4_S[0]_CO[3])
                                                      0.297    19.268 r  u_requantize/data_o1_inferred__0/i__carry/CO[3]
                         net (fo=1, routed)           0.000    19.268    u_requantize/data_o1_inferred__0/i__carry_n_0
    SLICE_X14Y41         CARRY4 (Prop_carry4_CI_CO[3])
                                                      0.060    19.328 r  u_requantize/data_o1_inferred__0/i__carry__0/CO[3]
                         net (fo=1, routed)           0.000    19.328    u_requantize/data_o1_inferred__0/i__carry__0_n_0
    SLICE_X14Y42         CARRY4 (Prop_carry4_CI_CO[3])
                                                      0.060    19.388 r  u_requantize/data_o1_inferred__0/i__carry__1/CO[3]
                         net (fo=1, routed)           0.000    19.388    u_requantize/data_o1_inferred__0/i__carry__1_n_0
    SLICE_X14Y43         CARRY4 (Prop_carry4_CI_CO[3])
                                                      0.060    19.448 r  u_requantize/data_o1_inferred__0/i__carry__2/CO[3]
                         net (fo=1, routed)           0.000    19.448    u_requantize/data_o1_inferred__0/i__carry__2_n_0
    SLICE_X14Y44         CARRY4 (Prop_carry4_CI_CO[3])
                                                      0.060    19.508 r  u_requantize/data_o1_inferred__0/i__carry__3/CO[3]
                         net (fo=1, routed)           0.000    19.508    u_requantize/data_o1_inferred__0/i__carry__3_n_0
    SLICE_X14Y45         CARRY4 (Prop_carry4_CI_CO[3])
                                                      0.060    19.568 r  u_requantize/data_o1_inferred__0/i__carry__4/CO[3]
                         net (fo=1, routed)           0.000    19.568    u_requantize/data_o1_inferred__0/i__carry__4_n_0
    SLICE_X14Y46         CARRY4 (Prop_carry4_CI_CO[3])
                                                      0.060    19.628 r  u_requantize/data_o1_inferred__0/i__carry__5/CO[3]
                         net (fo=1, routed)           0.000    19.628    u_requantize/data_o1_inferred__0/i__carry__5_n_0
    SLICE_X14Y47         CARRY4 (Prop_carry4_CI_CO[0])
                                                      0.173    19.801 r  u_requantize/data_o1_inferred__0/i__carry__6/CO[0]
                         net (fo=9, routed)           0.572    20.373    u_bias_scale_bank/u_shift_bram/post_data_q_reg[6]_1[0]
    SLICE_X8Y40          LUT6 (Prop_lut6_I4_O)        0.153    20.526 r  u_bias_scale_bank/u_shift_bram/post_data_q[6]_i_2/O
                         net (fo=7, routed)           0.595    21.121    u_layer_desc_regs/post_data_q_reg[0]
    SLICE_X9Y39          LUT5 (Prop_lut5_I3_O)        0.067    21.188 r  u_layer_desc_regs/post_data_q[2]_i_1/O
                         net (fo=1, routed)           0.540    21.729    p_0_in[2]
    SLICE_X12Y39         FDCE                                         r  post_data_q_reg[2]/D
  -------------------------------------------------------------------    -------------------

                         (clock clk rise edge)       20.000    20.000 r  
    AA9                                               0.000    20.000 r  clk (IN)
                         net (fo=0)                   0.000    20.000    clk
    AA9                  IBUF (Prop_ibuf_I_O)         0.549    20.549 r  clk_IBUF_inst/O
                         net (fo=1, routed)           2.022    22.571    clk_IBUF
    BUFGCTRL_X0Y0        BUFG (Prop_bufg_I_O)         0.113    22.684 r  clk_IBUF_BUFG_inst/O
                         net (fo=463, routed)         1.482    24.166    clk_IBUF_BUFG
    SLICE_X12Y39         FDCE                                         r  post_data_q_reg[2]/C
                         clock pessimism              0.316    24.482    
                         clock uncertainty           -0.035    24.446    
    SLICE_X12Y39         FDCE (Setup_fdce_C_D)       -0.105    24.341    post_data_q_reg[2]
  -------------------------------------------------------------------
                         required time                         24.341    
                         arrival time                         -21.729    
  -------------------------------------------------------------------
                         slack                                  2.613    





Min Delay Paths
--------------------------------------------------------------------------------------
Slack (MET) :             0.166ns  (arrival time - required time)
  Source:                 u_controller/FSM_onehot_state_q_reg[3]/C
                            (rising edge-triggered cell FDCE clocked by clk  {rise@0.000ns fall@10.000ns period=20.000ns})
  Destination:            u_controller/FSM_onehot_state_q_reg[0]/D
                            (rising edge-triggered cell FDCE clocked by clk  {rise@0.000ns fall@10.000ns period=20.000ns})
  Path Group:             clk
  Path Type:              Hold (Min at Fast Process Corner)
  Requirement:            0.000ns  (clk rise@0.000ns - clk rise@0.000ns)
  Data Path Delay:        0.238ns  (logic 0.118ns (49.495%)  route 0.120ns (50.505%))
  Logic Levels:           0  
  Clock Path Skew:        0.030ns (DCD - SCD - CPR)
    Destination Clock Delay (DCD):    2.003ns
    Source Clock Delay      (SCD):    1.551ns
    Clock Pessimism Removal (CPR):    0.422ns

    Location             Delay type                Incr(ns)  Path(ns)    Netlist Resource(s)
  -------------------------------------------------------------------    -------------------
                         (clock clk rise edge)        0.000     0.000 r  
    AA9                                               0.000     0.000 r  clk (IN)
                         net (fo=0)                   0.000     0.000    clk
    AA9                  IBUF (Prop_ibuf_I_O)         0.075     0.075 r  clk_IBUF_inst/O
                         net (fo=1, routed)           0.853     0.928    clk_IBUF
    BUFGCTRL_X0Y0        BUFG (Prop_bufg_I_O)         0.026     0.954 r  clk_IBUF_BUFG_inst/O
                         net (fo=463, routed)         0.597     1.551    u_controller/clk_IBUF_BUFG
    SLICE_X10Y32         FDCE                                         r  u_controller/FSM_onehot_state_q_reg[3]/C
  -------------------------------------------------------------------    -------------------
    SLICE_X10Y32         FDCE (Prop_fdce_C_Q)         0.118     1.669 r  u_controller/FSM_onehot_state_q_reg[3]/Q
                         net (fo=12, routed)          0.120     1.789    u_controller/FSM_onehot_state_q_reg[11]_0[2]
    SLICE_X8Y32          FDCE                                         r  u_controller/FSM_onehot_state_q_reg[0]/D
  -------------------------------------------------------------------    -------------------

                         (clock clk rise edge)        0.000     0.000 r  
    AA9                                               0.000     0.000 r  clk (IN)
                         net (fo=0)                   0.000     0.000    clk
    AA9                  IBUF (Prop_ibuf_I_O)         0.241     0.241 r  clk_IBUF_inst/O
                         net (fo=1, routed)           0.917     1.158    clk_IBUF
    BUFGCTRL_X0Y0        BUFG (Prop_bufg_I_O)         0.030     1.188 r  clk_IBUF_BUFG_inst/O
                         net (fo=463, routed)         0.815     2.003    u_controller/clk_IBUF_BUFG
    SLICE_X8Y32          FDCE                                         r  u_controller/FSM_onehot_state_q_reg[0]/C
                         clock pessimism             -0.422     1.581    
    SLICE_X8Y32          FDCE (Hold_fdce_C_D)         0.042     1.623    u_controller/FSM_onehot_state_q_reg[0]
  -------------------------------------------------------------------
                         required time                         -1.623    
                         arrival time                           1.789    
  -------------------------------------------------------------------
                         slack                                  0.166    





Pulse Width Checks
--------------------------------------------------------------------------------------
Clock Name:         clk
Waveform(ns):       { 0.000 10.000 }
Period(ns):         20.000
Sources:            { clk }

Check Type        Corner  Lib Pin             Reference Pin  Required(ns)  Actual(ns)  Slack(ns)  Location     Pin
Min Period        n/a     RAMB36E1/CLKARDCLK  n/a            2.850         20.000      17.150     RAMB36_X2Y6  u_ifm_bank/u_ping_bram/mem_reg_0_0/CLKARDCLK
Low Pulse Width   Slow    FDCE/C              n/a            0.400         10.000      9.600      SLICE_X8Y32  u_controller/FSM_onehot_state_q_reg[0]/C
High Pulse Width  Slow    FDCE/C              n/a            0.350         10.000      9.650      SLICE_X9Y35  acc_q_reg[0]/C



