#-----------------------------------------------------------
# Vivado v2024.1 (64-bit)
# SW Build 5076996 on Wed May 22 18:36:09 MDT 2024
# IP Build 5075265 on Wed May 22 21:45:21 MDT 2024
# SharedData Build 5076995 on Wed May 22 18:29:18 MDT 2024
# Start of session at: Sun May  3 13:31:53 2026
# Process ID: 16291
# Current directory: /root/Bulbasaurs_CNN
# Command line: vivado -mode batch -source run_sim.tcl
# Log file: /root/Bulbasaurs_CNN/vivado.log
# Journal file: /root/Bulbasaurs_CNN/vivado.jou
# Running On        :DESKTOP-VE06HML
# Platform          :Ubuntu
# Operating System  :Ubuntu 22.04.5 LTS
# Processor Detail  :AMD Ryzen 7 7840HS w/ Radeon 780M Graphics
# CPU Frequency     :3792.919 MHz
# CPU Physical cores:4
# CPU Logical cores :8
# Host memory       :12543 MB
# Swap memory       :12884 MB
# Total Virtual     :25428 MB
# Available Virtual :23952 MB
#-----------------------------------------------------------
source run_sim.tcl
# open_project project_1/project_1.xpr
INFO: [filemgmt 56-3] Default IP Output Path : Could not find the directory '/root/Bulbasaurs_CNN/project_1/project_1.gen/sources_1'.
Scanning sources...
Finished scanning sources
# set mem_dir "/root/Bulbasaurs_CNN/mem_export"
# set sim_dir "project_1/project_1.sim/sim_1/behav/xsim"
# file copy -force $mem_dir/ifm.mem $sim_dir/
# file copy -force $mem_dir/weight_l0.mem $sim_dir/
# file copy -force $mem_dir/bias_l0.mem $sim_dir/
# file copy -force $mem_dir/mult_l0.mem $sim_dir/
# file copy -force $mem_dir/shift_l0.mem $sim_dir/
# file copy -force $mem_dir/weight_l2.mem $sim_dir/
# file copy -force $mem_dir/bias_l2.mem $sim_dir/
# file copy -force $mem_dir/mult_l2.mem $sim_dir/
# file copy -force $mem_dir/shift_l2.mem $sim_dir/
# launch_simulation
Command: launch_simulation 
INFO: [Vivado 12-12493] Simulation top is 'tb_cnn1d_core_top'
INFO: [Vivado 12-5682] Launching behavioral simulation in '/root/Bulbasaurs_CNN/project_1/project_1.sim/sim_1/behav/xsim'
INFO: [SIM-utils-51] Simulation object is 'sim_1'
INFO: [SIM-utils-72] Using boost library from '/tools/Xilinx/Vivado/2024.1/tps/boost_1_72_0'
INFO: [SIM-utils-54] Inspecting design source files for 'tb_cnn1d_core_top' in fileset 'sim_1'...
INFO: [USF-XSim-97] Finding global include files...
INFO: [USF-XSim-98] Fetching design files from 'sim_1'...
INFO: [USF-XSim-2] XSim::Compile design
INFO: [USF-XSim-61] Executing 'COMPILE and ANALYZE' step in '/root/Bulbasaurs_CNN/project_1/project_1.sim/sim_1/behav/xsim'
xvlog --incr --relax -L uvm -prj tb_cnn1d_core_top_vlog.prj
Waiting for jobs to finish...
No pending jobs, compilation finished.
INFO: [USF-XSim-69] 'compile' step finished in '1' seconds
INFO: [USF-XSim-3] XSim::Elaborate design
INFO: [USF-XSim-61] Executing 'ELABORATE' step in '/root/Bulbasaurs_CNN/project_1/project_1.sim/sim_1/behav/xsim'
xelab --incr --debug typical --relax --mt 8 -L xil_defaultlib -L uvm -L unisims_ver -L unimacro_ver -L secureip --snapshot tb_cnn1d_core_top_behav xil_defaultlib.tb_cnn1d_core_top xil_defaultlib.glbl -log elaborate.log
Vivado Simulator v2024.1
Copyright 1986-2022 Xilinx, Inc. All Rights Reserved.
Copyright 2022-2024 Advanced Micro Devices, Inc. All Rights Reserved.
Running: /tools/Xilinx/Vivado/2024.1/bin/unwrapped/lnx64.o/xelab --incr --debug typical --relax --mt 8 -L xil_defaultlib -L uvm -L unisims_ver -L unimacro_ver -L secureip --snapshot tb_cnn1d_core_top_behav xil_defaultlib.tb_cnn1d_core_top xil_defaultlib.glbl -log elaborate.log 
Using 8 slave threads.
Starting static elaboration
Pass Through NonSizing Optimizer
Completed static elaboration
INFO: [XSIM 43-4323] No Change in HDL. Linking previously generated obj files to create kernel
INFO: [USF-XSim-69] 'elaborate' step finished in '2' seconds
INFO: [USF-XSim-4] XSim::Simulate design
INFO: [USF-XSim-61] Executing 'SIMULATE' step in '/root/Bulbasaurs_CNN/project_1/project_1.sim/sim_1/behav/xsim'
INFO: [USF-XSim-98] *** Running xsim
   with args "tb_cnn1d_core_top_behav -key {Behavioral:sim_1:Functional:tb_cnn1d_core_top} -tclbatch {tb_cnn1d_core_top.tcl} -log {simulate.log}"
INFO: [USF-XSim-8] Loading simulator feature
Time resolution is 1 ps
source tb_cnn1d_core_top.tcl
## set curr_wave [current_wave_config]
## if { [string length $curr_wave] == 0 } {
##   if { [llength [get_objects]] > 0} {
##     add_wave /
##     set_property needs_save false [current_wave_config]
##   } else {
##      send_msg_id Add_Wave-1 WARNING "No top level signals found. Simulator will start without a wave window. If you want to open a wave window go to 'File->New Waveform Configuration' or type 'create_wave_config' in the TCL console."
##   }
## }
## run 1000ns
INFO: [USF-XSim-96] XSim completed. Design snapshot 'tb_cnn1d_core_top_behav' loaded.
INFO: [USF-XSim-97] XSim simulation ran for 1000ns
launch_simulation: Time (s): cpu = 00:00:03 ; elapsed = 00:00:06 . Memory (MB): peak = 1478.223 ; gain = 82.164 ; free physical = 8552 ; free virtual = 22508
# run all
🚀 Đang chạy Layer 0...
🔄 DMA: Copy Lớp 0 -> IFM...
🚀 Đang chạy Layer 1...
🔄 DMA: Copy Lớp 1 -> IFM (Dọn rác) & Reload Params Lớp 2...
🚀 Đang chạy Layer 2...
✅ Hoàn thành toàn bộ quy trình AI System!
$finish called at time : 209135 ns : File "/root/Bulbasaurs_CNN/CNN_AGAiN.srcs/sim_1/new/tb_cnn1d_core_top.sv" Line 104
# file copy -force $sim_dir/rtl_output.mem $mem_dir/
# close_project
# exit
INFO: [Common 17-206] Exiting Vivado at Sun May  3 13:32:08 2026...
